conf:
  baseEjectionTime: 5s
  detectors:
    errors: {}
    failure: {}
    standardDeviation: {}
  interval: 5s
  maxEjectionPercent: 50
creationTime: 0001-01-01T00:00:00Z
mesh: default
modificationTime: 0001-01-01T00:00:00Z
name: circuit-breaker-1
sources:
  - match:
      service: frontend
      version: "0.1"
type: CircuitBreaker